{"candidate":"0d446203d670e086aa50ef8d65755cbc653ae6be","scope":"EMBEDDED_WASM_SQL_DIAGNOSTIC_NOT_SERVER_OR_TARGET_ACCEPTANCE","packageVersion":"0.4.1","postgresqlVersion":"PostgreSQL 17.5 on wasm32-unknown-linux-gnu, compiled by emcc (Emscripten gcc/clang-like replacement + linker emulating GNU ld) 3.1.74 (1092ec30a3fb1d46b1782ff1b4db5094d3d06ae5), 32-bit","migrations":[{"name":"001_app.sql","sha256":"8714b394eb0b561dcc21f9f6bc6af306de98254be837160d200ae2f7815686ec"},{"name":"002_contract_twin_graph.sql","sha256":"7e8f53219e59eec1a355b042f95b9c48308b073149512b0117e97fac77c3628f"},{"name":"003_records_governance.sql","sha256":"4d86d71a7846b1d36cc1a387210ad3ab49f4de78a5176cb6a47f0f78de05afa7"},{"name":"004_graph_idempotency.sql","sha256":"536a9038f94c763910e5e4f3ea160d3b23c766706d617d21900e7a58851711a7"},{"name":"005_api_rate_limits.sql","sha256":"525b47bb6fe67002e5dbba159bf958a5c91af5990897254c4747e7ce3c1a1545"},{"name":"006_source_and_run_hardening.sql","sha256":"0fe9590bca0db17c8091fcd612cd70a1e5dbae7307fab47790046dc3846c3a91"},{"name":"007_version_scoped_lifecycle.sql","sha256":"6f2093367d81d9193ef3ceef9fc1e1e25e5dc2fc9497f31c2aff4553275aaf4b"},{"name":"008_analysis_review_attestations.sql","sha256":"0e265ef73cfb3e515af67ea92fda0458120ce25bce85f77ab70d06bae45bddee"},{"name":"009_executive_snapshot_receipts.sql","sha256":"9f7d6e67a1d9f9bb73d2a13e8d3f84aa398f2a2479780615a5b285c4feb9ca3f"},{"name":"010_release_target_binding.sql","sha256":"6e91ce24ddece5e58a25075a36b38b9b043b4af4026a258d1161e6198e21d8f0"},{"name":"011_authority_evidence_hardening.sql","sha256":"f3c975d5201e6591287f028425568a8d780b8e49895cc22fcf3c84cae6e83b9c"},{"name":"012_processing_job_lease_fencing.sql","sha256":"3effd8f180b433311984ed0a279774ad6c0b627a21c3280993ecb60eb858bbb6"},{"name":"013_decision_economics_evidence.sql","sha256":"e4575582695f308b017b30f5fba80fd0868e26276c3cb6568d1d43dbf1f68928"},{"name":"014_release_database_external_identity.sql","sha256":"90b4ba8a08063864551eac1b7a0a03e9f22ee97374dde1bd0feb11e09cd9b8e0"}],"sourceSha256":"08682e6cd20630f1755eca8ff612e126b2f706ff915a88e7566f0705701f9954"}
PASS successful receipt denies update/delete
PASS blocked audit retains full receipt after actual enqueue reset
PASS re-extraction chunk deletion diagnostic: unreviewed term
PASS re-extraction chunk deletion diagnostic: reviewed term
{"event":"internal_request_error","correlationId":"28c4d864-cab4-4bf6-99d0-81a3896a5c59","errorClass":"error","errorCode":"P0001"}
PASS actual worker re-extraction leaves current generation unusable
PASS quoted proposed text grounding diagnostic
{
  "candidate": "0d446203d670e086aa50ef8d65755cbc653ae6be",
  "scope": "EMBEDDED_WASM_SQL_DIAGNOSTIC_NOT_SERVER_OR_TARGET_ACCEPTANCE",
  "results": [
    {
      "name": "successful receipt denies update/delete",
      "status": "PASS",
      "detail": {
        "update": {
          "code": "P0001",
          "message": "Successful processing-job receipts are immutable"
        },
        "deletion": {
          "code": "P0001",
          "message": "Successful processing-job receipts are immutable"
        }
      }
    },
    {
      "name": "blocked audit retains full receipt after actual enqueue reset",
      "status": "PASS",
      "detail": {
        "update": {
          "code": "P0001",
          "message": "audit_events is append-only"
        },
        "deletion": {
          "code": "P0001",
          "message": "audit_events is append-only"
        }
      }
    },
    {
      "name": "re-extraction chunk deletion diagnostic: unreviewed term",
      "status": "PASS",
      "detail": {
        "releaseDefect": "DB-01",
        "denied": {
          "code": "P0001",
          "message": "Published contract term requires a RUNNING term-extraction run and source chunk"
        },
        "historyRetained": true,
        "safeReextractionProven": false
      }
    },
    {
      "name": "re-extraction chunk deletion diagnostic: reviewed term",
      "status": "PASS",
      "detail": {
        "releaseDefect": "DB-01",
        "denied": {
          "code": "P0001",
          "message": "Published contract term requires a RUNNING term-extraction run and source chunk"
        },
        "historyRetained": true,
        "safeReextractionProven": false
      }
    },
    {
      "name": "actual worker re-extraction leaves current generation unusable",
      "status": "PASS",
      "detail": {
        "releaseDefect": "DB-01",
        "current": {
          "extraction_status": "PENDING",
          "extraction_job_id": "b593bf11-38bb-4cad-b4c2-d0ea4e60de86"
        },
        "jobStatus": "FAILED",
        "historicalReceiptStatus": "SUCCEEDED",
        "reviewedChunkLinkRetained": true,
        "externalBoundaries": "memory blob; model/OCR/readiness deny-only doubles"
      }
    },
    {
      "name": "quoted proposed text grounding diagnostic",
      "status": "PASS",
      "detail": {
        "releaseDefect": "DB-02",
        "denied": {
          "code": "P0001",
          "message": "Contract term exact text must occur in its recorded source chunk"
        },
        "actualProposedTextMatches": true
      }
    }
  ],
  "serverConcurrency": "NOT_EXECUTED",
  "restrictedRole": "NOT_EXECUTED",
  "targetAcceptance": "NOT_EXECUTED"
}
